Copyright 1986-2022 Xilinx, Inc. All Rights Reserved. Copyright 2022-2025 Advanced Micro Devices, Inc. All Rights Reserved.
---------------------------------------------------------------------------------------------------------------------------------------------
| Tool Version : Vivado v.2025.2 (win64) Build 6299465 Fri Nov 14 19:35:11 GMT 2025
| Date         : Fri Apr 10 19:46:56 2026
| Host         : Xi running 64-bit major release  (build 9200)
| Command      : report_control_sets -verbose -file top_control_sets_placed.rpt
| Design       : top
| Device       : xcku040
---------------------------------------------------------------------------------------------------------------------------------------------

Control Set Information

Table of Contents
-----------------
1. Summary
2. Histogram
3. Flip-Flop Distribution
4. Detailed Control Set Information

1. Summary
----------

+----------------------------------------------------------+-------+
|                          Status                          | Count |
+----------------------------------------------------------+-------+
| Total control sets                                       |    11 |
|    Minimum number of control sets                        |    11 |
|    Addition due to synthesis replication                 |     0 |
|    Addition due to physical synthesis replication        |     0 |
| Unused register locations in slices containing registers |    10 |
+----------------------------------------------------------+-------+
* Control sets can be merged at opt_design using control_set_merge or merge_equivalent_drivers
** Run report_qor_suggestions for automated merging and remapping suggestions


2. Histogram
------------

+--------------------+-------+
|       Fanout       | Count |
+--------------------+-------+
| Total control sets |    11 |
| >= 0 to < 4        |     1 |
| >= 4 to < 6        |     3 |
| >= 6 to < 8        |     2 |
| >= 8 to < 10       |     3 |
| >= 10 to < 12      |     0 |
| >= 12 to < 14      |     0 |
| >= 14 to < 16      |     1 |
| >= 16              |     1 |
+--------------------+-------+
* Control sets can be remapped at either synth_design or opt_design


3. Flip-Flop Distribution
-------------------------

+--------------+-----------------------+------------------------+-----------------+--------------+
| Clock Enable | Synchronous Set/Reset | Asynchronous Set/Reset | Total Registers | Total Slices |
+--------------+-----------------------+------------------------+-----------------+--------------+
| No           | No                    | No                     |              14 |            6 |
| No           | No                    | Yes                    |               0 |            0 |
| No           | Yes                   | No                     |               0 |            0 |
| Yes          | No                    | No                     |              38 |           12 |
| Yes          | No                    | Yes                    |               0 |            0 |
| Yes          | Yes                   | No                     |              38 |           11 |
+--------------+-----------------------+------------------------+-----------------+--------------+


4. Detailed Control Set Information
-----------------------------------

+----------------+----------------------------------+----------------------------------+------------------+----------------+--------------+
|  Clock Signal  |           Enable Signal          |         Set/Reset Signal         | Slice Load Count | Bel Load Count | Bels / Slice |
+----------------+----------------------------------+----------------------------------+------------------+----------------+--------------+
|  clk_200m_BUFG | u_uart_tx/tx_i_1_n_0             |                                  |                1 |              1 |         1.00 |
|  clk_200m_BUFG | u_uart_rx/bit_cnt[3]_i_1_n_0     | u_uart_rx/baud_cnt[31]_i_1_n_0   |                1 |              4 |         4.00 |
|  clk_200m_BUFG | u_uart_tx/tx_busy                | u_uart_tx/baud_cnt[8]_i_1__0_n_0 |                2 |              4 |         2.00 |
|  clk_200m_BUFG | u_uart_tx/bit_cnt[0]             | u_uart_tx/baud_cnt[8]_i_1__0_n_0 |                2 |              4 |         2.00 |
|  clk_200m_BUFG | u_uart_rx/baud_cnt[11]_i_1_n_0   |                                  |                3 |              6 |         2.00 |
|  clk_200m_BUFG | u_uart_tx/baud_cnt[10]_i_1_n_0   |                                  |                3 |              7 |         2.33 |
|  clk_200m_BUFG | u_uart_rx/data_o[7]_i_1_n_0      |                                  |                4 |              8 |         2.00 |
|  clk_200m_BUFG | u_uart_rx/E[0]                   |                                  |                5 |              8 |         1.60 |
|  clk_200m_BUFG | u_uart_tx/baud_cnt[8]_i_1__0_n_0 |                                  |                3 |              8 |         2.67 |
|  clk_200m_BUFG |                                  |                                  |                6 |             14 |         2.33 |
|  clk_200m_BUFG | u_uart_rx/receiving_reg_n_0      | u_uart_rx/baud_cnt[31]_i_1_n_0   |                7 |             26 |         3.71 |
+----------------+----------------------------------+----------------------------------+------------------+----------------+--------------+


